// Jest Snapshot v1, https://goo.gl/fbAQLP

exports[`<Navigation /> renders correctly 1`] = `
.emotion-0 {
  margin-right: 1.5em;
  -webkit-text-decoration: none;
  text-decoration: none;
  display: inline;
}

.emotion-4 {
  margin-bottom: 0;
  margin-right: 0;
  background-color: #2D3B7F;
}

.emotion-4 a {
  color: #AFB8E6;
  cursor: pointer;
  -webkit-transition: color 500ms;
  transition: color 500ms;
}

.emotion-4 a:visited {
  color: #AFB8E6;
}

.emotion-4 a:hover {
  color: #9A8956;
}

<nav
  class="emotion-4"
>
  <a
    class="emotion-0"
    href="#about"
  >
    About
  </a>
  <a
    class="emotion-0"
    href="#work"
  >
    Work
  </a>
  <a
    class="emotion-0"
    href="#contact"
  >
    Contact
  </a>
  <mockedlink
    class="emotion-0"
    to="/blog"
  >
    Blog
  </mockedlink>
</nav>
`;
