// Jest Snapshot v1, https://goo.gl/fbAQLP

exports[`Button renders properly when passed a to property 1`] = `
<MockedLink
  className="css-17zaylu"
  to="http://dslemay.com"
>
  Homepage
</MockedLink>
`;

exports[`Button renders properly when passed an href property 1`] = `
<a
  className="css-17zaylu"
  href="http://dslemay.com"
  target="_blank"
>
  Homepage
</a>
`;
