// Jest Snapshot v1, https://goo.gl/fbAQLP

exports[`Button renders properly when passed a to property 1`] = `
<MockedLink
  className="css-c41gc8 css-80bxg21"
  to="http://dslemay.com"
/>
`;

exports[`Button renders properly when passed an href property 1`] = `
<a
  className="css-c41gc8 css-80bxg20"
  href="http://dslemay.com"
  target="_blank"
/>
`;
