// Jest Snapshot v1, https://goo.gl/fbAQLP

exports[`MenuIcon renders correctly 1`] = `
<div
  className="css-5eaigi ew845gg0"
  onClick={[Function]}
>
  <div
    className="css-m56tt4 ew845gg1"
  >
    <span
      className="css-l2kihn ew845gg2"
    />
    <span
      className="css-1pdkle ew845gg3"
    />
    <span
      className="css-1ecbd3c ew845gg4"
    />
  </div>
</div>
`;
