// Jest Snapshot v1, https://goo.gl/fbAQLP

exports[`MenuIcon renders correctly 1`] = `
<div
  className="css-1qmd78z"
  onClick={[Function]}
>
  <div
    className="css-1b73pd2"
  >
    <span
      className="css-1b4rsnb"
    />
    <span
      className="css-rjep2f"
    />
    <span
      className="css-1wymppr"
    />
  </div>
</div>
`;
