// Jest Snapshot v1, https://goo.gl/fbAQLP

exports[`MobileNavigation renders properly 1`] = `
<div
  style={
    Object {
      "height": "65px",
      "position": "relative",
    }
  }
>
  <div
    className="css-5eaigi css-1e60agf0"
    onClick={[Function]}
  >
    <div
      className="css-m56tt4 css-1e60agf1"
    >
      <span
        className="css-190cys6 css-1e60agf2"
      />
      <span
        className="css-1nmu6z9 css-1e60agf3"
      />
      <span
        className="css-g78e9d css-1e60agf4"
      />
    </div>
  </div>
  <div
    className="css-1xxfl7e css-hn1q840"
  >
    <MockedLink
      className="css-hur3c3"
      to="/about"
    >
      About
    </MockedLink>
    <MockedLink
      className="css-hur3c3"
      to="/work"
    >
      Work
    </MockedLink>
    <MockedLink
      className="css-hur3c3"
      to="/contact"
    >
      Contact
    </MockedLink>
    <MockedLink
      className="css-hur3c3"
      to="/blog"
    >
      Blog
    </MockedLink>
  </div>
</div>
`;
