// Jest Snapshot v1, https://goo.gl/fbAQLP

exports[`NavigationControls renders properly 1`] = `
<div
  className="css-jrq1xv css-1wy1rve0"
>
  <a
    className="css-14xxsjd"
    href="#about"
    onClick={[Function]}
  >
    About
  </a>
  <a
    className="css-14xxsjd"
    href="#work"
    onClick={[Function]}
  >
    Work
  </a>
  <a
    className="css-14xxsjd"
    href="#contact"
    onClick={[Function]}
  >
    Contact
  </a>
  <a
    className="css-14xxsjd"
    href="/blog"
  >
    Blog
  </a>
</div>
`;
