// Jest Snapshot v1, https://goo.gl/fbAQLP

exports[`NavigationControls renders properly 1`] = `
<div
  className="css-16v8nlu css-1t1h7p90"
>
  <a
    className="css-14xxsjd"
    href="#about"
    onClick={[Function]}
  >
    About
  </a>
  <a
    className="css-14xxsjd"
    href="#work"
    onClick={[Function]}
  >
    Work
  </a>
  <a
    className="css-14xxsjd"
    href="#contact"
    onClick={[Function]}
  >
    Contact
  </a>
  <MockedLink
    className="css-14xxsjd"
    to="/blog"
  >
    Blog
  </MockedLink>
</div>
`;
